CCS PCM C Compiler, Version 5.025, 5967               21-Nov-17 21:35

               Filename:   C:\Users\Dung Phan\Documents\Serial\main.lst

               ROM used:   133 words (2%)
                           Largest free fragment is 2048
               RAM used:   14 (4%) at main() level
                           15 (4%) worst case
               Stack used: 1 locations (0 in main + 1 for interrupts)
               Stack size: 8

*
0000:  MOVLW  00
0001:  MOVWF  0A
0002:  GOTO   06B
0003:  NOP
0004:  MOVWF  7F
0005:  SWAPF  03,W
0006:  CLRF   03
0007:  MOVWF  21
0008:  MOVF   0A,W
0009:  MOVWF  20
000A:  CLRF   0A
000B:  MOVF   04,W
000C:  MOVWF  22
000D:  MOVF   77,W
000E:  MOVWF  23
000F:  MOVF   78,W
0010:  MOVWF  24
0011:  MOVF   79,W
0012:  MOVWF  25
0013:  MOVF   7A,W
0014:  MOVWF  26
0015:  BCF    03.7
0016:  BCF    03.5
0017:  BTFSS  0B.3
0018:  GOTO   01B
0019:  BTFSC  0B.0
001A:  GOTO   032
001B:  MOVLW  8C
001C:  MOVWF  04
001D:  BTFSS  00.5
001E:  GOTO   021
001F:  BTFSC  0C.5
0020:  GOTO   035
0021:  MOVF   22,W
0022:  MOVWF  04
0023:  MOVF   23,W
0024:  MOVWF  77
0025:  MOVF   24,W
0026:  MOVWF  78
0027:  MOVF   25,W
0028:  MOVWF  79
0029:  MOVF   26,W
002A:  MOVWF  7A
002B:  MOVF   20,W
002C:  MOVWF  0A
002D:  SWAPF  21,W
002E:  MOVWF  03
002F:  SWAPF  7F,F
0030:  SWAPF  7F,W
0031:  RETFIE
0032:  BCF    0A.3
0033:  BCF    0A.4
0034:  GOTO   06B
0035:  BCF    0A.3
0036:  BCF    0A.4
0037:  GOTO   038
.................... #include <main.h> 
.................... #include <16F877A.h> 
.................... //////////// Standard Header file for the PIC16F877A device //////////////// 
.................... /////////////////////////////////////////////////////////////////////////// 
.................... ////        (C) Copyright 1996, 2013 Custom Computer Services          //// 
.................... //// This source code may only be used by licensed users of the CCS C  //// 
.................... //// compiler.  This source code may only be distributed to other      //// 
.................... //// licensed users of the CCS C compiler.  No other use, reproduction //// 
.................... //// or distribution is permitted without written permission.          //// 
.................... //// Derivative programs created using this software in object code    //// 
.................... //// form are not restricted in any way.                               //// 
.................... /////////////////////////////////////////////////////////////////////////// 
.................... #device PIC16F877A 
....................  
.................... #list 
....................  
.................... #device ADC=10 
.................... #use delay(crystal=20000000) 
....................  
....................  
.................... #use rs232(baud=9600,xmit=PIN_C6,rcv=PIN_C7) 
.................... #INT_RB 
....................  
.................... void main() 
*
006B:  MOVF   03,W
006C:  ANDLW  1F
006D:  MOVWF  03
006E:  MOVLW  81
006F:  BSF    03.5
0070:  MOVWF  19
0071:  MOVLW  A6
0072:  MOVWF  18
0073:  MOVLW  90
0074:  BCF    03.5
0075:  MOVWF  18
0076:  MOVLW  FF
0077:  MOVWF  28
0078:  BSF    03.5
0079:  BSF    1F.0
007A:  BSF    1F.1
007B:  BSF    1F.2
007C:  BCF    1F.3
007D:  MOVLW  07
007E:  MOVWF  1C
007F:  BCF    03.7
.................... { 
....................    enable_interrupts(INT_RDA); 
0080:  BSF    0C.5
....................    enable_interrupts(GLOBAL); 
0081:  MOVLW  C0
0082:  BCF    03.5
0083:  IORWF  0B,F
.................... } 
....................  
.................... #INT_RDA 
.................... void ngatRDA() 
0084:  SLEEP
.................... { 
....................    char a; 
....................    a = getc(); 
*
0038:  BTFSS  0C.5
0039:  GOTO   038
003A:  MOVF   1A,W
003B:  MOVWF  29
....................    switch(a) 
003C:  MOVF   29,W
003D:  XORLW  72
003E:  BTFSC  03.2
003F:  GOTO   047
0040:  XORLW  1E
0041:  BTFSC  03.2
0042:  GOTO   054
0043:  XORLW  1F
0044:  BTFSC  03.2
0045:  GOTO   061
0046:  GOTO   067
....................    { 
....................       case 'r': 
....................       { 
....................          output_bit(PIN_C1,1); 
0047:  BSF    07.1
0048:  BCF    28.1
0049:  MOVF   28,W
004A:  BSF    03.5
004B:  MOVWF  07
....................          output_bit(PIN_C4,1); 
004C:  BCF    03.5
004D:  BSF    07.4
004E:  BCF    28.4
004F:  MOVF   28,W
0050:  BSF    03.5
0051:  MOVWF  07
....................          break; 
0052:  BCF    03.5
0053:  GOTO   067
....................       } 
....................       case 'l': 
....................       { 
....................          output_bit(PIN_C1,1); 
0054:  BSF    07.1
0055:  BCF    28.1
0056:  MOVF   28,W
0057:  BSF    03.5
0058:  MOVWF  07
....................          output_bit(PIN_C4,0); 
0059:  BCF    03.5
005A:  BCF    07.4
005B:  BCF    28.4
005C:  MOVF   28,W
005D:  BSF    03.5
005E:  MOVWF  07
....................          break; 
005F:  BCF    03.5
0060:  GOTO   067
....................       } 
....................       case 's': 
....................       { 
....................          output_bit(PIN_C1,0); 
0061:  BCF    07.1
0062:  BCF    28.1
0063:  MOVF   28,W
0064:  BSF    03.5
0065:  MOVWF  07
....................          break; 
0066:  BCF    03.5
....................       } 
....................    } 
0067:  BCF    0C.5
0068:  BCF    0A.3
0069:  BCF    0A.4
006A:  GOTO   021
.................... } 

Configuration Fuses:
   Word  1: 3F72   HS NOWDT PUT BROWNOUT NOLVP NOCPD NOWRT NODEBUG NOPROTECT
