CCS PCM C Compiler, Version 5.025, 5967               20-Nov-17 16:12

               Filename:   C:\Users\Dung Phan\Documents\Serial\main.lst

               ROM used:   93 words (1%)
                           Largest free fragment is 2048
               RAM used:   14 (4%) at main() level
                           14 (4%) worst case
               Stack used: 0 locations
               Stack size: 8

*
0000:  MOVLW  00
0001:  MOVWF  0A
0002:  GOTO   02F
0003:  NOP
0004:  MOVWF  7F
0005:  SWAPF  03,W
0006:  CLRF   03
0007:  MOVWF  21
0008:  MOVF   0A,W
0009:  MOVWF  20
000A:  CLRF   0A
000B:  MOVF   04,W
000C:  MOVWF  22
000D:  MOVF   77,W
000E:  MOVWF  23
000F:  MOVF   78,W
0010:  MOVWF  24
0011:  MOVF   79,W
0012:  MOVWF  25
0013:  MOVF   7A,W
0014:  MOVWF  26
0015:  BCF    03.7
0016:  BCF    03.5
0017:  BTFSS  0B.3
0018:  GOTO   01B
0019:  BTFSC  0B.0
001A:  GOTO   02C
001B:  MOVF   22,W
001C:  MOVWF  04
001D:  MOVF   23,W
001E:  MOVWF  77
001F:  MOVF   24,W
0020:  MOVWF  78
0021:  MOVF   25,W
0022:  MOVWF  79
0023:  MOVF   26,W
0024:  MOVWF  7A
0025:  MOVF   20,W
0026:  MOVWF  0A
0027:  SWAPF  21,W
0028:  MOVWF  03
0029:  SWAPF  7F,F
002A:  SWAPF  7F,W
002B:  RETFIE
002C:  BCF    0A.3
002D:  BCF    0A.4
002E:  GOTO   02F
.................... #include <main.h> 
.................... #include <16F877A.h> 
.................... //////////// Standard Header file for the PIC16F877A device //////////////// 
.................... /////////////////////////////////////////////////////////////////////////// 
.................... ////        (C) Copyright 1996, 2013 Custom Computer Services          //// 
.................... //// This source code may only be used by licensed users of the CCS C  //// 
.................... //// compiler.  This source code may only be distributed to other      //// 
.................... //// licensed users of the CCS C compiler.  No other use, reproduction //// 
.................... //// or distribution is permitted without written permission.          //// 
.................... //// Derivative programs created using this software in object code    //// 
.................... //// form are not restricted in any way.                               //// 
.................... /////////////////////////////////////////////////////////////////////////// 
.................... #device PIC16F877A 
....................  
.................... #list 
....................  
.................... #device ADC=10 
.................... #use delay(crystal=20000000) 
....................  
....................  
.................... #use rs232(baud=9600,xmit=PIN_C6,rcv=PIN_C7) 
.................... #INT_RB 
....................  
.................... void main() 
002F:  MOVF   03,W
0030:  ANDLW  1F
0031:  MOVWF  03
0032:  MOVLW  81
0033:  BSF    03.5
0034:  MOVWF  19
0035:  MOVLW  A6
0036:  MOVWF  18
0037:  MOVLW  90
0038:  BCF    03.5
0039:  MOVWF  18
003A:  MOVLW  FF
003B:  MOVWF  28
003C:  BSF    03.5
003D:  BSF    1F.0
003E:  BSF    1F.1
003F:  BSF    1F.2
0040:  BCF    1F.3
0041:  MOVLW  07
0042:  MOVWF  1C
0043:  BCF    03.7
.................... { 
....................    set_tris_b(0x00); 
0044:  MOVLW  00
0045:  MOVWF  06
....................    setup_adc_ports(7); 
0046:  BSF    1F.0
0047:  BSF    1F.1
0048:  BSF    1F.2
0049:  BCF    1F.3
....................    while(1) 
....................    { 
....................       if(input(PIN_C0)) 
004A:  BCF    03.5
004B:  BSF    28.0
004C:  MOVF   28,W
004D:  BSF    03.5
004E:  MOVWF  07
004F:  BCF    03.5
0050:  BTFSS  07.0
0051:  GOTO   057
....................       { 
....................          putc('S'); 
0052:  MOVLW  53
0053:  BTFSS  0C.4
0054:  GOTO   053
0055:  MOVWF  19
....................       } 
0056:  GOTO   05B
....................       else 
....................       { 
....................          putc('D'); 
0057:  MOVLW  44
0058:  BTFSS  0C.4
0059:  GOTO   058
005A:  MOVWF  19
....................       } 
005B:  GOTO   04B
....................    } 
.................... } 
005C:  SLEEP

Configuration Fuses:
   Word  1: 3F72   HS NOWDT PUT BROWNOUT NOLVP NOCPD NOWRT NODEBUG NOPROTECT
